// Jest Snapshot v1, https://goo.gl/fbAQLP

exports[`<Skirmishes> renders correctly 1`] = `
Array [
  <div
    className="dropdown"
  >
    <div
      className="dropdown-trigger"
      onClick={[Function]}
    >
      <button
        aria-controls="dropdown-menu"
        aria-haspopup="true"
        className="button is-outlined"
        type="button"
      >
        <span>
          Faction
        </span>
        <span
          className="icon is-small"
        >
          <span
            aria-hidden="true"
            className="fa fa-angle-down"
          />
        </span>
      </button>
    </div>
    <div
      className="dropdown-menu"
    >
      <div
        className="dropdown-content"
      >
        <div
          className="dropdown-item"
        >
          <input
            className="is-checkradio"
            id="FactionEldgang"
            name="Eldgang"
            onChange={[Function]}
            type="checkbox"
            value="Eldgang"
          />
          <label
            htmlFor="FactionEldgang"
          >
            Eldgang
          </label>
        </div>
        <div
          className="dropdown-item"
        >
          <input
            className="is-checkradio"
            id="FactionElves of Rivendell"
            name="Elves of Rivendell"
            onChange={[Function]}
            type="checkbox"
            value="Elves of Rivendell"
          />
          <label
            htmlFor="FactionElves of Rivendell"
          >
            Elves of Rivendell
          </label>
        </div>
        <div
          className="dropdown-item"
        >
          <input
            className="is-checkradio"
            id="FactionIron Garrison Guards"
            name="Iron Garrison Guards"
            onChange={[Function]}
            type="checkbox"
            value="Iron Garrison Guards"
          />
          <label
            htmlFor="FactionIron Garrison Guards"
          >
            Iron Garrison Guards
          </label>
        </div>
        <div
          className="dropdown-item"
        >
          <input
            className="is-checkradio"
            id="FactionIron Garrison Miners"
            name="Iron Garrison Miners"
            onChange={[Function]}
            type="checkbox"
            value="Iron Garrison Miners"
          />
          <label
            htmlFor="FactionIron Garrison Miners"
          >
            Iron Garrison Miners
          </label>
        </div>
        <div
          className="dropdown-item"
        >
          <input
            className="is-checkradio"
            id="FactionLossoth of Forochel"
            name="Lossoth of Forochel"
            onChange={[Function]}
            type="checkbox"
            value="Lossoth of Forochel"
          />
          <label
            htmlFor="FactionLossoth of Forochel"
          >
            Lossoth of Forochel
          </label>
        </div>
        <div
          className="dropdown-item"
        >
          <input
            className="is-checkradio"
            id="FactionMalledhrim"
            name="Malledhrim"
            onChange={[Function]}
            type="checkbox"
            value="Malledhrim"
          />
          <label
            htmlFor="FactionMalledhrim"
          >
            Malledhrim
          </label>
        </div>
        <div
          className="dropdown-item"
        >
          <input
            className="is-checkradio"
            id="FactionMen of Bree"
            name="Men of Bree"
            onChange={[Function]}
            type="checkbox"
            value="Men of Bree"
          />
          <label
            htmlFor="FactionMen of Bree"
          >
            Men of Bree
          </label>
        </div>
        <div
          className="dropdown-item"
        >
          <input
            className="is-checkradio"
            id="FactionRangers of Esteldín"
            name="Rangers of Esteldín"
            onChange={[Function]}
            type="checkbox"
            value="Rangers of Esteldín"
          />
          <label
            htmlFor="FactionRangers of Esteldín"
          >
            Rangers of Esteldín
          </label>
        </div>
        <div
          className="dropdown-item"
        >
          <input
            className="is-checkradio"
            id="FactionThe Eglain"
            name="The Eglain"
            onChange={[Function]}
            type="checkbox"
            value="The Eglain"
          />
          <label
            htmlFor="FactionThe Eglain"
          >
            The Eglain
          </label>
        </div>
        <div
          className="dropdown-item"
        >
          <input
            className="is-checkradio"
            id="FactionThe Mathom Society"
            name="The Mathom Society"
            onChange={[Function]}
            type="checkbox"
            value="The Mathom Society"
          />
          <label
            htmlFor="FactionThe Mathom Society"
          >
            The Mathom Society
          </label>
        </div>
        <div
          className="dropdown-item"
        >
          <input
            className="is-checkradio"
            id="FactionThorin's Hall"
            name="Thorin's Hall"
            onChange={[Function]}
            type="checkbox"
            value="Thorin's Hall"
          />
          <label
            htmlFor="FactionThorin's Hall"
          >
            Thorin's Hall
          </label>
        </div>
      </div>
    </div>
  </div>,
  <div
    className="dropdown"
  >
    <div
      className="dropdown-trigger"
      onClick={[Function]}
    >
      <button
        aria-controls="dropdown-menu"
        aria-haspopup="true"
        className="button is-outlined"
        type="button"
      >
        <span>
          Type
        </span>
        <span
          className="icon is-small"
        >
          <span
            aria-hidden="true"
            className="fa fa-angle-down"
          />
        </span>
      </button>
    </div>
    <div
      className="dropdown-menu"
    >
      <div
        className="dropdown-content"
      >
        <div
          className="dropdown-item"
        >
          <input
            className="is-checkradio"
            id="TypeOffense"
            name="Offense"
            onChange={[Function]}
            type="checkbox"
            value="Offense"
          />
          <label
            htmlFor="TypeOffense"
          >
            Offense
          </label>
        </div>
        <div
          className="dropdown-item"
        >
          <input
            className="is-checkradio"
            id="TypeDefense"
            name="Defense"
            onChange={[Function]}
            type="checkbox"
            value="Defense"
          />
          <label
            htmlFor="TypeDefense"
          >
            Defense
          </label>
        </div>
        <div
          className="dropdown-item"
        >
          <input
            className="is-checkradio"
            id="TypeSurvival"
            name="Survival"
            onChange={[Function]}
            type="checkbox"
            value="Survival"
          />
          <label
            htmlFor="TypeSurvival"
          >
            Survival
          </label>
        </div>
      </div>
    </div>
  </div>,
  <div
    className="card-content"
  >
    <article
      className="media"
    >
      <div
        className="media-left"
      >
        <figure
          className="image is-48x48"
        >
          <img
            src="https://via.placeholder.com/96x96"
          />
        </figure>
      </div>
      <div
        className="media-content"
      >
        <h1
          className="title is-4"
        >
          The Siege of Gondamon
        </h1>
      </div>
    </article>
    <div
      className="content"
    >
      Defense
      <br />
      <small>
        Level: 
        20
         - 115
        <br />
        Bosses: 
        Thrastar, Hergill, Agi Gatebreaker, Ghashnâkh, Sigurmar
      </small>
    </div>
  </div>,
  <div
    className="card-content"
  >
    <article
      className="media"
    >
      <div
        className="media-left"
      >
        <figure
          className="image is-48x48"
        >
          <img
            src="https://via.placeholder.com/96x96"
          />
        </figure>
      </div>
      <div
        className="media-content"
      >
        <h1
          className="title is-4"
        >
          Trouble in Tuckborough
        </h1>
      </div>
    </article>
    <div
      className="content"
    >
      Offense
      <br />
      <small>
        Level: 
        20
         - 115
        <br />
        Bosses: 
        Ghâshfog, Murbarash, Fíthrokh, Oldroot, Big Fright
      </small>
    </div>
  </div>,
  <div
    className="card-content"
  >
    <article
      className="media"
    >
      <div
        className="media-left"
      >
        <figure
          className="image is-48x48"
        >
          <img
            src="https://via.placeholder.com/96x96"
          />
        </figure>
      </div>
      <div
        className="media-content"
      >
        <h1
          className="title is-4"
        >
          Storm on Methedras
        </h1>
      </div>
    </article>
    <div
      className="content"
    >
      Offense
      <br />
      <small>
        Level: 
        20
         - 115
        <br />
        Bosses: 
        Rhodri, Budant, Maru Brenin, Garzog, Caur, Helechúl, Núrvor, Dombor, Daeharn
      </small>
    </div>
  </div>,
  <div
    className="card-content"
  >
    <article
      className="media"
    >
      <div
        className="media-left"
      >
        <figure
          className="image is-48x48"
        >
          <img
            src="https://via.placeholder.com/96x96"
          />
        </figure>
      </div>
      <div
        className="media-content"
      >
        <h1
          className="title is-4"
        >
          Stand at Amon Sûl
        </h1>
      </div>
    </article>
    <div
      className="content"
    >
      Defense
      <br />
      <small>
        Level: 
        25
         - 115
        <br />
        Bosses: 
        Golnauk, Bloodwing, Gúgaw's Arm, Laimbenn, Mokum, Gwandir, Norgol, Gwathrengor, Urkflagít
      </small>
    </div>
  </div>,
  <div
    className="card-content"
  >
    <article
      className="media"
    >
      <div
        className="media-left"
      >
        <figure
          className="image is-48x48"
        >
          <img
            src="https://via.placeholder.com/96x96"
          />
        </figure>
      </div>
      <div
        className="media-content"
      >
        <h1
          className="title is-4"
        >
          Attack at Dawn
        </h1>
      </div>
    </article>
    <div
      className="content"
    >
      Offense
      <br />
      <small>
        Level: 
        30
         - 115
        <br />
        Bosses: 
        Tharb, Pugh, Fríb, Zímarp, Krampum, Kaushar
      </small>
    </div>
  </div>,
  <div
    className="card-content"
  >
    <article
      className="media"
    >
      <div
        className="media-left"
      >
        <figure
          className="image is-48x48"
        >
          <img
            src="https://via.placeholder.com/96x96"
          />
        </figure>
      </div>
      <div
        className="media-content"
      >
        <h1
          className="title is-4"
        >
          Thievery and Mischief
        </h1>
      </div>
    </article>
    <div
      className="content"
    >
      Offense
      <br />
      <small>
        Level: 
        30
         - 115
        <br />
        Bosses: 
        Lordfisher, Padfoot, Goretusk, Ned Ashleaf, Tom Greythistle, Túkar, Snagbúrz, Gruglup
      </small>
    </div>
  </div>,
  <div
    className="card-content"
  >
    <article
      className="media"
    >
      <div
        className="media-left"
      >
        <figure
          className="image is-48x48"
        >
          <img
            src="https://via.placeholder.com/96x96"
          />
        </figure>
      </div>
      <div
        className="media-content"
      >
        <h1
          className="title is-4"
        >
          Defence of the Prancing Pony
        </h1>
      </div>
    </article>
    <div
      className="content"
    >
      Defense
      <br />
      <small>
        Level: 
        35
         - 115
        <br />
        Bosses: 
        Southpaw, Old Hunter, Ufglup, Rat-catcher, Mukghashan, Kamhont, Banosnákh, Willie Hawthorn
      </small>
    </div>
  </div>,
  <div
    className="card-content"
  >
    <article
      className="media"
    >
      <div
        className="media-left"
      >
        <figure
          className="image is-48x48"
        >
          <img
            src="https://via.placeholder.com/96x96"
          />
        </figure>
      </div>
      <div
        className="media-content"
      >
        <h1
          className="title is-4"
        >
          The Ford of Bruinen
        </h1>
      </div>
    </article>
    <div
      className="content"
    >
      Defense
      <br />
      <small>
        Level: 
        40
         - 115
        <br />
        Bosses: 
        Zanúrz, Kunquin, Durkúf, Bruidagnir
      </small>
    </div>
  </div>,
  <div
    className="card-content"
  >
    <article
      className="media"
    >
      <div
        className="media-left"
      >
        <figure
          className="image is-48x48"
        >
          <img
            src="https://via.placeholder.com/96x96"
          />
        </figure>
      </div>
      <div
        className="media-content"
      >
        <h1
          className="title is-4"
        >
          The Icy Crevasse
        </h1>
      </div>
    </article>
    <div
      className="content"
    >
      Offense
      <br />
      <small>
        Level: 
        40
         - 115
        <br />
        Bosses: 
        Míthalagos, Kókas-joku, Lapa-kita, Coflúg, Crantok, Túgarch, Veri-torvi, Mahti
      </small>
    </div>
  </div>,
  <div
    className="card-content"
  >
    <article
      className="media"
    >
      <div
        className="media-left"
      >
        <figure
          className="image is-48x48"
        >
          <img
            src="https://via.placeholder.com/96x96"
          />
        </figure>
      </div>
      <div
        className="media-content"
      >
        <h1
          className="title is-4"
        >
          Barrow-downs Survival
        </h1>
      </div>
    </article>
    <div
      className="content"
    >
      Survival
      <br />
      <small>
        Level: 
        45
         - 115
        <br />
        Bosses: 
        
      </small>
    </div>
  </div>,
  <div
    className="card-content"
  >
    <article
      className="media"
    >
      <div
        className="media-left"
      >
        <figure
          className="image is-48x48"
        >
          <img
            src="https://via.placeholder.com/96x96"
          />
        </figure>
      </div>
      <div
        className="media-content"
      >
        <h1
          className="title is-4"
        >
          The Battle of the Deep-way
        </h1>
      </div>
    </article>
    <div
      className="content"
    >
      Defense
      <br />
      <small>
        Level: 
        55
         - 115
        <br />
        Bosses: 
        Lhenathronil, Gamurz-ash, Earthbreaker, Forktongue, Foulscum, Gorged Queen, Burntail, Mad Croaker
      </small>
    </div>
  </div>,
  <div
    className="card-content"
  >
    <article
      className="media"
    >
      <div
        className="media-left"
      >
        <figure
          className="image is-48x48"
        >
          <img
            src="https://via.placeholder.com/96x96"
          />
        </figure>
      </div>
      <div
        className="media-content"
      >
        <h1
          className="title is-4"
        >
          Battle of the Way of Smiths
        </h1>
      </div>
    </article>
    <div
      className="content"
    >
      Defense
      <br />
      <small>
        Level: 
        55
         - 115
        <br />
        Bosses: 
        Fire-heart, Ice-heart, Shadow-heart, Celebarch, Fikûhom, Durbrennil, Sadâuk
      </small>
    </div>
  </div>,
  <div
    className="card-content"
  >
    <article
      className="media"
    >
      <div
        className="media-left"
      >
        <figure
          className="image is-48x48"
        >
          <img
            src="https://via.placeholder.com/96x96"
          />
        </figure>
      </div>
      <div
        className="media-content"
      >
        <h1
          className="title is-4"
        >
          Battle of the Twenty-first Hall
        </h1>
      </div>
    </article>
    <div
      className="content"
    >
      Defense
      <br />
      <small>
        Level: 
        55
         - 115
        <br />
        Bosses: 
        Morûrz-kala, Kalus, Throqûm, Fodhroval, Shadow from the Heart of the World, Helchnaeth
      </small>
    </div>
  </div>,
  <div
    className="card-content"
  >
    <article
      className="media"
    >
      <div
        className="media-left"
      >
        <figure
          className="image is-48x48"
        >
          <img
            src="https://via.placeholder.com/96x96"
          />
        </figure>
      </div>
      <div
        className="media-content"
      >
        <h1
          className="title is-4"
        >
          Strike Against Dannenglor
        </h1>
      </div>
    </article>
    <div
      className="content"
    >
      Offense
      <br />
      <small>
        Level: 
        60
         - 115
        <br />
        Bosses: 
        Helchfaer, Ghostfang, Ruingalad, Swartclaw, Rimdeloth, Gorogmúl, Gothling, Fiklúk, Seregruin
      </small>
    </div>
  </div>,
  <div
    className="card-content"
  >
    <article
      className="media"
    >
      <div
        className="media-left"
      >
        <figure
          className="image is-48x48"
        >
          <img
            src="https://via.placeholder.com/96x96"
          />
        </figure>
      </div>
      <div
        className="media-content"
      >
        <h1
          className="title is-4"
        >
          Protectors of Thangúlhad
        </h1>
      </div>
    </article>
    <div
      className="content"
    >
      Defense
      <br />
      <small>
        Level: 
        60
         - 115
        <br />
        Bosses: 
        Borndol, Ruithroval, Azrí, Hokarul, Grudom, Frúzglob, Golugthrug, Lapus, Torúglup
      </small>
    </div>
  </div>,
  <div
    className="card-content"
  >
    <article
      className="media"
    >
      <div
        className="media-left"
      >
        <figure
          className="image is-48x48"
        >
          <img
            src="https://via.placeholder.com/96x96"
          />
        </figure>
      </div>
      <div
        className="media-content"
      >
        <h1
          className="title is-4"
        >
          Breaching the Necromancer's Gate
        </h1>
      </div>
    </article>
    <div
      className="content"
    >
      Offense
      <br />
      <small>
        Level: 
        65
         - 115
        <br />
        Bosses: 
        Lavalúg, Gortag, Firingúl, Murúk, Annoniel, Thrângund, Morgúr, Agardúr, Grishglok
      </small>
    </div>
  </div>,
  <div
    className="card-content"
  >
    <article
      className="media"
    >
      <div
        className="media-left"
      >
        <figure
          className="image is-48x48"
        >
          <img
            src="https://via.placeholder.com/96x96"
          />
        </figure>
      </div>
      <div
        className="media-content"
      >
        <h1
          className="title is-4"
        >
          Assault on the Ringwraiths' Lair
        </h1>
      </div>
    </article>
    <div
      className="content"
    >
      Offense
      <br />
      <small>
        Level: 
        65
         - 115
        <br />
        Bosses: 
        Faelathron, Mazaukgrat, Kúfit, Durnákh, Gúlheryn, Afglu, Zánurz, Norchador, Mornákh
      </small>
    </div>
  </div>,
  <div
    className="card-content"
  >
    <article
      className="media"
    >
      <div
        className="media-left"
      >
        <figure
          className="image is-48x48"
        >
          <img
            src="https://via.placeholder.com/96x96"
          />
        </figure>
      </div>
      <div
        className="media-content"
      >
        <h1
          className="title is-4"
        >
          The Battle in the Tower
        </h1>
      </div>
    </article>
    <div
      className="content"
    >
      Offense
      <br />
      <small>
        Level: 
        65
         - 115
        <br />
        Bosses: 
        Thangaran, Iaerien, Hogaward, Múdku, Blord, Gundnákh, Gadhumúrz, Urbor
      </small>
    </div>
  </div>,
  <div
    className="card-content"
  >
    <article
      className="media"
    >
      <div
        className="media-left"
      >
        <figure
          className="image is-48x48"
        >
          <img
            src="https://via.placeholder.com/96x96"
          />
        </figure>
      </div>
      <div
        className="media-content"
      >
        <h1
          className="title is-4"
        >
          Rescue in Nûrz Ghâshu
        </h1>
      </div>
    </article>
    <div
      className="content"
    >
      Offense
      <br />
      <small>
        Level: 
        65
         - 115
        <br />
        Bosses: 
        Cefrog, Gháshglob, Gormalith, Lúgryn, Morfuin, Narubras, Nurnor, Snagtalún
      </small>
    </div>
  </div>,
]
`;
