// Jest Snapshot v1, https://goo.gl/fbAQLP

exports[`<WorldInstances> renders correctly 1`] = `
Array [
  <div
    className="card-content"
  >
    <article
      className="media"
    >
      <div
        className="media-left"
      >
        <figure
          className="image is-48x48"
        >
          <img
            src="https://via.placeholder.com/96x96"
          />
        </figure>
      </div>
      <div
        className="media-content"
      >
        <h1
          className="title is-4"
        >
          Great Barrow: The Maze
        </h1>
        <h2
          className="subtitle is-6"
        >
          Maze
        </h2>
      </div>
    </article>
    <div
      className="content"
    >
      Shadows of Angmar
      <br />
      <small>
        Level: 
        20
         - 115
        <br />
        Bosses: 
        Barrow-wight Caller, Gaerdring, Gaerthel
      </small>
    </div>
  </div>,
  <div
    className="card-content"
  >
    <article
      className="media"
    >
      <div
        className="media-left"
      >
        <figure
          className="image is-48x48"
        >
          <img
            src="https://via.placeholder.com/96x96"
          />
        </figure>
      </div>
      <div
        className="media-content"
      >
        <h1
          className="title is-4"
        >
          Great Barrow: Thadúr
        </h1>
        <h2
          className="subtitle is-6"
        >
          Thadur
        </h2>
      </div>
    </article>
    <div
      className="content"
    >
      Shadows of Angmar
      <br />
      <small>
        Level: 
        20
         - 115
        <br />
        Bosses: 
        Thadúr
      </small>
    </div>
  </div>,
  <div
    className="card-content"
  >
    <article
      className="media"
    >
      <div
        className="media-left"
      >
        <figure
          className="image is-48x48"
        >
          <img
            src="https://via.placeholder.com/96x96"
          />
        </figure>
      </div>
      <div
        className="media-content"
      >
        <h1
          className="title is-4"
        >
          Great Barrow: Sambrog
        </h1>
        <h2
          className="subtitle is-6"
        >
          Sammy
        </h2>
      </div>
    </article>
    <div
      className="content"
    >
      Shadows of Angmar
      <br />
      <small>
        Level: 
        20
         - 115
        <br />
        Bosses: 
        Sambrog
      </small>
    </div>
  </div>,
  <div
    className="card-content"
  >
    <article
      className="media"
    >
      <div
        className="media-left"
      >
        <figure
          className="image is-48x48"
        >
          <img
            src="https://via.placeholder.com/96x96"
          />
        </figure>
      </div>
      <div
        className="media-content"
      >
        <h1
          className="title is-4"
        >
          Inn of the Forsaken
        </h1>
        <h2
          className="subtitle is-6"
        >
          IoF, IotF
        </h2>
      </div>
    </article>
    <div
      className="content"
    >
      Shadows of Angmar
      <br />
      <small>
        Level: 
        20
         - 115
        <br />
        Bosses: 
        Umín, Spirit of the Necklace
      </small>
    </div>
  </div>,
  <div
    className="card-content"
  >
    <article
      className="media"
    >
      <div
        className="media-left"
      >
        <figure
          className="image is-48x48"
        >
          <img
            src="https://via.placeholder.com/96x96"
          />
        </figure>
      </div>
      <div
        className="media-content"
      >
        <h1
          className="title is-4"
        >
          Garth Agarwen: Arboretum
        </h1>
        <h2
          className="subtitle is-6"
        >
          GA
        </h2>
      </div>
    </article>
    <div
      className="content"
    >
      Shadows of Angmar
      <br />
      <small>
        Level: 
        32
        
        <br />
        Bosses: 
        Grimbark, Rot-heart
      </small>
    </div>
  </div>,
  <div
    className="card-content"
  >
    <article
      className="media"
    >
      <div
        className="media-left"
      >
        <figure
          className="image is-48x48"
        >
          <img
            src="https://via.placeholder.com/96x96"
          />
        </figure>
      </div>
      <div
        className="media-content"
      >
        <h1
          className="title is-4"
        >
          Garth Agarwen: Barrows
        </h1>
        <h2
          className="subtitle is-6"
        >
          GA
        </h2>
      </div>
    </article>
    <div
      className="content"
    >
      Shadows of Angmar
      <br />
      <small>
        Level: 
        32
        
        <br />
        Bosses: 
        Ivar, Blogkritar
      </small>
    </div>
  </div>,
  <div
    className="card-content"
  >
    <article
      className="media"
    >
      <div
        className="media-left"
      >
        <figure
          className="image is-48x48"
        >
          <img
            src="https://via.placeholder.com/96x96"
          />
        </figure>
      </div>
      <div
        className="media-content"
      >
        <h1
          className="title is-4"
        >
          Garth Agarwen: Fortress
        </h1>
        <h2
          className="subtitle is-6"
        >
          GA
        </h2>
      </div>
    </article>
    <div
      className="content"
    >
      Shadows of Angmar
      <br />
      <small>
        Level: 
        32
        
        <br />
        Bosses: 
        Dúnlang, Edan, Esyld, Raugzdrok, Vatar, Naruhel
      </small>
    </div>
  </div>,
  <div
    className="card-content"
  >
    <article
      className="media"
    >
      <div
        className="media-left"
      >
        <figure
          className="image is-48x48"
        >
          <img
            src="https://via.placeholder.com/96x96"
          />
        </figure>
      </div>
      <div
        className="media-content"
      >
        <h1
          className="title is-4"
        >
          Goblin-town Throne Room
        </h1>
        <h2
          className="subtitle is-6"
        >
          n/a
        </h2>
      </div>
    </article>
    <div
      className="content"
    >
      Shadows of Angmar
      <br />
      <small>
        Level: 
        45
        
        <br />
        Bosses: 
        Ashûrz, Bhoghad, Horm
      </small>
    </div>
  </div>,
  <div
    className="card-content"
  >
    <article
      className="media"
    >
      <div
        className="media-left"
      >
        <figure
          className="image is-48x48"
        >
          <img
            src="https://via.placeholder.com/96x96"
          />
        </figure>
      </div>
      <div
        className="media-content"
      >
        <h1
          className="title is-4"
        >
          Fornost: Wraith of Water
        </h1>
        <h2
          className="subtitle is-6"
        >
          Water
        </h2>
      </div>
    </article>
    <div
      className="content"
    >
      Shadows of Angmar
      <br />
      <small>
        Level: 
        25
         - 115
        <br />
        Bosses: 
        Zhurmat, Shiruk, Kamordî, Megoriath
      </small>
    </div>
  </div>,
  <div
    className="card-content"
  >
    <article
      className="media"
    >
      <div
        className="media-left"
      >
        <figure
          className="image is-48x48"
        >
          <img
            src="https://via.placeholder.com/96x96"
          />
        </figure>
      </div>
      <div
        className="media-content"
      >
        <h1
          className="title is-4"
        >
          Fornost: Wraith of Earth
        </h1>
        <h2
          className="subtitle is-6"
        >
          Earth
        </h2>
      </div>
    </article>
    <div
      className="content"
    >
      Shadows of Angmar
      <br />
      <small>
        Level: 
        25
         - 115
        <br />
        Bosses: 
        Warchief Búrzghâsh, Gurkâmâb, Rhavameldir
      </small>
    </div>
  </div>,
  <div
    className="card-content"
  >
    <article
      className="media"
    >
      <div
        className="media-left"
      >
        <figure
          className="image is-48x48"
        >
          <img
            src="https://via.placeholder.com/96x96"
          />
        </figure>
      </div>
      <div
        className="media-content"
      >
        <h1
          className="title is-4"
        >
          Fornost: Wraith of Fire
        </h1>
        <h2
          className="subtitle is-6"
        >
          Fire
        </h2>
      </div>
    </article>
    <div
      className="content"
    >
      Shadows of Angmar
      <br />
      <small>
        Level: 
        25
         - 115
        <br />
        Bosses: 
        Riamul, Zanthrug, Brogadan
      </small>
    </div>
  </div>,
  <div
    className="card-content"
  >
    <article
      className="media"
    >
      <div
        className="media-left"
      >
        <figure
          className="image is-48x48"
        >
          <img
            src="https://via.placeholder.com/96x96"
          />
        </figure>
      </div>
      <div
        className="media-content"
      >
        <h1
          className="title is-4"
        >
          Fornost: Wraith of Shadow
        </h1>
        <h2
          className="subtitle is-6"
        >
          Shadow
        </h2>
      </div>
    </article>
    <div
      className="content"
    >
      Shadows of Angmar
      <br />
      <small>
        Level: 
        25
         - 115
        <br />
        Bosses: 
        Krithmog, Einiora, Remmenaeg
      </small>
    </div>
  </div>,
  <div
    className="card-content"
  >
    <article
      className="media"
    >
      <div
        className="media-left"
      >
        <figure
          className="image is-48x48"
        >
          <img
            src="https://via.placeholder.com/96x96"
          />
        </figure>
      </div>
      <div
        className="media-content"
      >
        <h1
          className="title is-4"
        >
          The Halls of Night
        </h1>
        <h2
          className="subtitle is-6"
        >
          HoN
        </h2>
      </div>
    </article>
    <div
      className="content"
    >
      Shadows of Angmar
      <br />
      <small>
        Level: 
        40
         - 115
        <br />
        Bosses: 
        Nightmare, Panic, Terror
      </small>
    </div>
  </div>,
  <div
    className="card-content"
  >
    <article
      className="media"
    >
      <div
        className="media-left"
      >
        <figure
          className="image is-48x48"
        >
          <img
            src="https://via.placeholder.com/96x96"
          />
        </figure>
      </div>
      <div
        className="media-content"
      >
        <h1
          className="title is-4"
        >
          Glinghant
        </h1>
        <h2
          className="subtitle is-6"
        >
          Gling, Gardens
        </h2>
      </div>
    </article>
    <div
      className="content"
    >
      Shadows of Angmar
      <br />
      <small>
        Level: 
        40
         - 115
        <br />
        Bosses: 
        Nengon
      </small>
    </div>
  </div>,
  <div
    className="card-content"
  >
    <article
      className="media"
    >
      <div
        className="media-left"
      >
        <figure
          className="image is-48x48"
        >
          <img
            src="https://via.placeholder.com/96x96"
          />
        </figure>
      </div>
      <div
        className="media-content"
      >
        <h1
          className="title is-4"
        >
          Ost Elendil
        </h1>
        <h2
          className="subtitle is-6"
        >
          OE
        </h2>
      </div>
    </article>
    <div
      className="content"
    >
      Shadows of Angmar
      <br />
      <small>
        Level: 
        40
         - 115
        <br />
        Bosses: 
        Guloth, Balhest
      </small>
    </div>
  </div>,
  <div
    className="card-content"
  >
    <article
      className="media"
    >
      <div
        className="media-left"
      >
        <figure
          className="image is-48x48"
        >
          <img
            src="https://via.placeholder.com/96x96"
          />
        </figure>
      </div>
      <div
        className="media-content"
      >
        <h1
          className="title is-4"
        >
          Haudh Valandil
        </h1>
        <h2
          className="subtitle is-6"
        >
          HV
        </h2>
      </div>
    </article>
    <div
      className="content"
    >
      Shadows of Angmar
      <br />
      <small>
        Level: 
        40
         - 115
        <br />
        Bosses: 
        Shingrinder, Dolvaethor, Valandil of Arnor
      </small>
    </div>
  </div>,
  <div
    className="card-content"
  >
    <article
      className="media"
    >
      <div
        className="media-left"
      >
        <figure
          className="image is-48x48"
        >
          <img
            src="https://via.placeholder.com/96x96"
          />
        </figure>
      </div>
      <div
        className="media-content"
      >
        <h1
          className="title is-4"
        >
          Urugarth
        </h1>
        <h2
          className="subtitle is-6"
        >
          Uru
        </h2>
      </div>
    </article>
    <div
      className="content"
    >
      Shadows of Angmar
      <br />
      <small>
        Level: 
        50
        
        <br />
        Bosses: 
        Sorkrank, Burzfîl, Dushkâl, Akrûr, Dafrim, Kughûrz, Gríshakrum, Lâmkarn, Athpukh, Lhugrien, Brízrip, Thordragh, Morthrâng, Gruglok, Lagmâs
      </small>
    </div>
  </div>,
  <div
    className="card-content"
  >
    <article
      className="media"
    >
      <div
        className="media-left"
      >
        <figure
          className="image is-48x48"
        >
          <img
            src="https://via.placeholder.com/96x96"
          />
        </figure>
      </div>
      <div
        className="media-content"
      >
        <h1
          className="title is-4"
        >
          Carn Dûm[4]
        </h1>
        <h2
          className="subtitle is-6"
        >
          CD
        </h2>
      </div>
    </article>
    <div
      className="content"
    >
      Shadows of Angmar
      <br />
      <small>
        Level: 
        50
        
        <br />
        Bosses: 
        Urro, Barashal, Helchgam, Sálvakh, Azgoth, Avalgaith, Tárlakh, Târlug, Mormoz, Rodakhan, Múra, Gúrthul, Mordirith
      </small>
    </div>
  </div>,
  <div
    className="card-content"
  >
    <article
      className="media"
    >
      <div
        className="media-left"
      >
        <figure
          className="image is-48x48"
        >
          <img
            src="https://via.placeholder.com/96x96"
          />
        </figure>
      </div>
      <div
        className="media-content"
      >
        <h1
          className="title is-4"
        >
          Barad Gúlaran
        </h1>
        <h2
          className="subtitle is-6"
        >
          BG
        </h2>
      </div>
    </article>
    <div
      className="content"
    >
      Shadows of Angmar
      <br />
      <small>
        Level: 
        50
        
        <br />
        Bosses: 
        Forvengwath, Afraig, Coblaith, Castellan Wisdán, Múlvuirë, Udúnion
      </small>
    </div>
  </div>,
  <div
    className="card-content"
  >
    <article
      className="media"
    >
      <div
        className="media-left"
      >
        <figure
          className="image is-48x48"
        >
          <img
            src="https://via.placeholder.com/96x96"
          />
        </figure>
      </div>
      <div
        className="media-content"
      >
        <h1
          className="title is-4"
        >
          The Library at Tham Mírdain
        </h1>
        <h2
          className="subtitle is-6"
        >
          Lib
        </h2>
      </div>
    </article>
    <div
      className="content"
    >
      Shadows of Angmar
      <br />
      <small>
        Level: 
        50
         - 115
        <br />
        Bosses: 
        Commander Piztor, Commander Unudhu, Chieftain Gûrsh
      </small>
    </div>
  </div>,
  <div
    className="card-content"
  >
    <article
      className="media"
    >
      <div
        className="media-left"
      >
        <figure
          className="image is-48x48"
        >
          <img
            src="https://via.placeholder.com/96x96"
          />
        </figure>
      </div>
      <div
        className="media-content"
      >
        <h1
          className="title is-4"
        >
          The School at Tham Mírdain
        </h1>
        <h2
          className="subtitle is-6"
        >
          School, Sch
        </h2>
      </div>
    </article>
    <div
      className="content"
    >
      Shadows of Angmar
      <br />
      <small>
        Level: 
        50
         - 115
        <br />
        Bosses: 
        Llygad the Blade, Chief Warrior Thurgtârk, Commander Târsh
      </small>
    </div>
  </div>,
  <div
    className="card-content"
  >
    <article
      className="media"
    >
      <div
        className="media-left"
      >
        <figure
          className="image is-48x48"
        >
          <img
            src="https://via.placeholder.com/96x96"
          />
        </figure>
      </div>
      <div
        className="media-content"
      >
        <h1
          className="title is-4"
        >
          The Dark Delving
        </h1>
        <h2
          className="subtitle is-6"
        >
          DD
        </h2>
      </div>
    </article>
    <div
      className="content"
    >
      Mines of Moria
      <br />
      <small>
        Level: 
        58
        
        <br />
        Bosses: 
        Void-eater, Doom-speaker, Gurvand
      </small>
    </div>
  </div>,
  <div
    className="card-content"
  >
    <article
      className="media"
    >
      <div
        className="media-left"
      >
        <figure
          className="image is-48x48"
        >
          <img
            src="https://via.placeholder.com/96x96"
          />
        </figure>
      </div>
      <div
        className="media-content"
      >
        <h1
          className="title is-4"
        >
          The Forgotten Treasury
        </h1>
        <h2
          className="subtitle is-6"
        >
          FT
        </h2>
      </div>
    </article>
    <div
      className="content"
    >
      Mines of Moria
      <br />
      <small>
        Level: 
        54
        
        <br />
        Bosses: 
        Darûkûrz, Frûzgûl, Lorzgûl, Mokza, Nardurgûl, Narghug, Morhûn, Skûm, Urauth
      </small>
    </div>
  </div>,
  <div
    className="card-content"
  >
    <article
      className="media"
    >
      <div
        className="media-left"
      >
        <figure
          className="image is-48x48"
        >
          <img
            src="https://via.placeholder.com/96x96"
          />
        </figure>
      </div>
      <div
        className="media-content"
      >
        <h1
          className="title is-4"
        >
          The Grand Stair
        </h1>
        <h2
          className="subtitle is-6"
        >
          GS
        </h2>
      </div>
    </article>
    <div
      className="content"
    >
      Mines of Moria
      <br />
      <small>
        Level: 
        56
        
        <br />
        Bosses: 
        Ilzkâl the Pummeler, Gothghaash the Firecaller, Dorozg the Beast Tamer, The Beast, Glothrok the Vile, Nardur the Shield, Igash the Fanatic
      </small>
    </div>
  </div>,
  <div
    className="card-content"
  >
    <article
      className="media"
    >
      <div
        className="media-left"
      >
        <figure
          className="image is-48x48"
        >
          <img
            src="https://via.placeholder.com/96x96"
          />
        </figure>
      </div>
      <div
        className="media-content"
      >
        <h1
          className="title is-4"
        >
          Forges of Khazad-dûm
        </h1>
        <h2
          className="subtitle is-6"
        >
          Forges
        </h2>
      </div>
    </article>
    <div
      className="content"
    >
      Mines of Moria
      <br />
      <small>
        Level: 
        58
        
        <br />
        Bosses: 
        Narkû, Dhaub, Thrug, Kranklûk
      </small>
    </div>
  </div>,
  <div
    className="card-content"
  >
    <article
      className="media"
    >
      <div
        className="media-left"
      >
        <figure
          className="image is-48x48"
        >
          <img
            src="https://via.placeholder.com/96x96"
          />
        </figure>
      </div>
      <div
        className="media-content"
      >
        <h1
          className="title is-4"
        >
          Fil Gashan
        </h1>
        <h2
          className="subtitle is-6"
        >
          FG
        </h2>
      </div>
    </article>
    <div
      className="content"
    >
      Mines of Moria
      <br />
      <small>
        Level: 
        58
        
        <br />
        Bosses: 
        Vrarz, Greb, Talug
      </small>
    </div>
  </div>,
  <div
    className="card-content"
  >
    <article
      className="media"
    >
      <div
        className="media-left"
      >
        <figure
          className="image is-48x48"
        >
          <img
            src="https://via.placeholder.com/96x96"
          />
        </figure>
      </div>
      <div
        className="media-content"
      >
        <h1
          className="title is-4"
        >
          The Sixteenth Hall
        </h1>
        <h2
          className="subtitle is-6"
        >
          16th
        </h2>
      </div>
    </article>
    <div
      className="content"
    >
      Mines of Moria
      <br />
      <small>
        Level: 
        58
        
        <br />
        Bosses: 
        Tramug, Dhûrz, The Lost One
      </small>
    </div>
  </div>,
  <div
    className="card-content"
  >
    <article
      className="media"
    >
      <div
        className="media-left"
      >
        <figure
          className="image is-48x48"
        >
          <img
            src="https://via.placeholder.com/96x96"
          />
        </figure>
      </div>
      <div
        className="media-content"
      >
        <h1
          className="title is-4"
        >
          Skûmfil
        </h1>
        <h2
          className="subtitle is-6"
        >
          Skum
        </h2>
      </div>
    </article>
    <div
      className="content"
    >
      Mines of Moria
      <br />
      <small>
        Level: 
        58
        
        <br />
        Bosses: 
        Bonetooth, Rockjaw, Shalebiter, Old Gnawer, Cracktooth, Brúmbereth, Uammaethor, Grog, Grothulun, Nestaduan, Ulugon, Longpincer, Grimreaver, Hwandrin
      </small>
    </div>
  </div>,
  <div
    className="card-content"
  >
    <article
      className="media"
    >
      <div
        className="media-left"
      >
        <figure
          className="image is-48x48"
        >
          <img
            src="https://via.placeholder.com/96x96"
          />
        </figure>
      </div>
      <div
        className="media-content"
      >
        <h1
          className="title is-4"
        >
          The Mirror-halls of Lumul-nar
        </h1>
        <h2
          className="subtitle is-6"
        >
          HoM
        </h2>
      </div>
    </article>
    <div
      className="content"
    >
      Scourge of Khazad-dûm
      <br />
      <small>
        Level: 
        58
        
        <br />
        Bosses: 
        Frost-tail, Ergoth
      </small>
    </div>
  </div>,
  <div
    className="card-content"
  >
    <article
      className="media"
    >
      <div
        className="media-left"
      >
        <figure
          className="image is-48x48"
        >
          <img
            src="https://via.placeholder.com/96x96"
          />
        </figure>
      </div>
      <div
        className="media-content"
      >
        <h1
          className="title is-4"
        >
          The Water Wheels: Nalâ-dûm
        </h1>
        <h2
          className="subtitle is-6"
        >
          WW
        </h2>
      </div>
    </article>
    <div
      className="content"
    >
      Scourge of Khazad-dûm
      <br />
      <small>
        Level: 
        58
        
        <br />
        Bosses: 
        Spit-tail, Caerlûg
      </small>
    </div>
  </div>,
  <div
    className="card-content"
  >
    <article
      className="media"
    >
      <div
        className="media-left"
      >
        <figure
          className="image is-48x48"
        >
          <img
            src="https://via.placeholder.com/96x96"
          />
        </figure>
      </div>
      <div
        className="media-content"
      >
        <h1
          className="title is-4"
        >
          Halls of Crafting
        </h1>
        <h2
          className="subtitle is-6"
        >
          HoC
        </h2>
      </div>
    </article>
    <div
      className="content"
    >
      Scourge of Khazad-dûm
      <br />
      <small>
        Level: 
        58
        
        <br />
        Bosses: 
        Âmbal, Bashkuga, Thaguzg
      </small>
    </div>
  </div>,
  <div
    className="card-content"
  >
    <article
      className="media"
    >
      <div
        className="media-left"
      >
        <figure
          className="image is-48x48"
        >
          <img
            src="https://via.placeholder.com/96x96"
          />
        </figure>
      </div>
      <div
        className="media-content"
      >
        <h1
          className="title is-4"
        >
          Sword-hall of Dol Guldur
        </h1>
        <h2
          className="subtitle is-6"
        >
          SH
        </h2>
      </div>
    </article>
    <div
      className="content"
    >
      Tower of Dol Guldur
      <br />
      <small>
        Level: 
        65
         - 115
        <br />
        Bosses: 
        Urcheron, Carchrien, Durkâr
      </small>
    </div>
  </div>,
  <div
    className="card-content"
  >
    <article
      className="media"
    >
      <div
        className="media-left"
      >
        <figure
          className="image is-48x48"
        >
          <img
            src="https://via.placeholder.com/96x96"
          />
        </figure>
      </div>
      <div
        className="media-content"
      >
        <h1
          className="title is-4"
        >
          Dungeons of Dol Guldur
        </h1>
        <h2
          className="subtitle is-6"
        >
          Dungeons
        </h2>
      </div>
    </article>
    <div
      className="content"
    >
      Tower of Dol Guldur
      <br />
      <small>
        Level: 
        65
         - 115
        <br />
        Bosses: 
        Guldur Keeper, Guldur Sentinel, Palefolk Prisoner, Broken Prisoner, The Warden
      </small>
    </div>
  </div>,
  <div
    className="card-content"
  >
    <article
      className="media"
    >
      <div
        className="media-left"
      >
        <figure
          className="image is-48x48"
        >
          <img
            src="https://via.placeholder.com/96x96"
          />
        </figure>
      </div>
      <div
        className="media-content"
      >
        <h1
          className="title is-4"
        >
          Warg-pens of Dol Guldur
        </h1>
        <h2
          className="subtitle is-6"
        >
          WP
        </h2>
      </div>
    </article>
    <div
      className="content"
    >
      Tower of Dol Guldur
      <br />
      <small>
        Level: 
        65
         - 115
        <br />
        Bosses: 
        Athgrat, Kranklob
      </small>
    </div>
  </div>,
  <div
    className="card-content"
  >
    <article
      className="media"
    >
      <div
        className="media-left"
      >
        <figure
          className="image is-48x48"
        >
          <img
            src="https://via.placeholder.com/96x96"
          />
        </figure>
      </div>
      <div
        className="media-content"
      >
        <h1
          className="title is-4"
        >
          Sammath Gûl
        </h1>
        <h2
          className="subtitle is-6"
        >
          SG
        </h2>
      </div>
    </article>
    <div
      className="content"
    >
      Tower of Dol Guldur
      <br />
      <small>
        Level: 
        65
         - 115
        <br />
        Bosses: 
        Urchír, Alagossír, Gorothúl, Demafaer
      </small>
    </div>
  </div>,
  <div
    className="card-content"
  >
    <article
      className="media"
    >
      <div
        className="media-left"
      >
        <figure
          className="image is-48x48"
        >
          <img
            src="https://via.placeholder.com/96x96"
          />
        </figure>
      </div>
      <div
        className="media-content"
      >
        <h1
          className="title is-4"
        >
          Lost Temple
        </h1>
        <h2
          className="subtitle is-6"
        >
          LT
        </h2>
      </div>
    </article>
    <div
      className="content"
    >
      In Their Absence
      <br />
      <small>
        Level: 
        65
         - 115
        <br />
        Bosses: 
        Angaidh, Sidhág, Vernon Thistlethorn, Múl Dúin, Frûmolog, Ferndúr the Virulent
      </small>
    </div>
  </div>,
  <div
    className="card-content"
  >
    <article
      className="media"
    >
      <div
        className="media-left"
      >
        <figure
          className="image is-48x48"
        >
          <img
            src="https://via.placeholder.com/96x96"
          />
        </figure>
      </div>
      <div
        className="media-content"
      >
        <h1
          className="title is-4"
        >
          Sâri-surma
        </h1>
        <h2
          className="subtitle is-6"
        >
          SS
        </h2>
      </div>
    </article>
    <div
      className="content"
    >
      In Their Absence
      <br />
      <small>
        Level: 
        65
         - 115
        <br />
        Bosses: 
        Coldbear the Wight, Ghost of Coldbear, Osan, Drugoth the Death-monger
      </small>
    </div>
  </div>,
  <div
    className="card-content"
  >
    <article
      className="media"
    >
      <div
        className="media-left"
      >
        <figure
          className="image is-48x48"
        >
          <img
            src="https://via.placeholder.com/96x96"
          />
        </figure>
      </div>
      <div
        className="media-content"
      >
        <h1
          className="title is-4"
        >
          Northcotton Farms
        </h1>
        <h2
          className="subtitle is-6"
        >
          NF, Ncf
        </h2>
      </div>
    </article>
    <div
      className="content"
    >
      In Their Absence
      <br />
      <small>
        Level: 
        65
         - 115
        <br />
        Bosses: 
        Legbarthil, Thadúr, Úmheryn
      </small>
    </div>
  </div>,
  <div
    className="card-content"
  >
    <article
      className="media"
    >
      <div
        className="media-left"
      >
        <figure
          className="image is-48x48"
        >
          <img
            src="https://via.placeholder.com/96x96"
          />
        </figure>
      </div>
      <div
        className="media-content"
      >
        <h1
          className="title is-4"
        >
          Stoneheight
        </h1>
        <h2
          className="subtitle is-6"
        >
          Sth
        </h2>
      </div>
    </article>
    <div
      className="content"
    >
      In Their Absence
      <br />
      <small>
        Level: 
        65
         - 115
        <br />
        Bosses: 
        Gundúl, Búbhosh-grat, Dale Truitt, Gundúl, Búbhosh-grat, Dale Truitt, Búbhosh-grat
      </small>
    </div>
  </div>,
  <div
    className="card-content"
  >
    <article
      className="media"
    >
      <div
        className="media-left"
      >
        <figure
          className="image is-48x48"
        >
          <img
            src="https://via.placeholder.com/96x96"
          />
        </figure>
      </div>
      <div
        className="media-content"
      >
        <h1
          className="title is-4"
        >
          Dargnákh Unleashed
        </h1>
        <h2
          className="subtitle is-6"
        >
          DU
        </h2>
      </div>
    </article>
    <div
      className="content"
    >
      Rise of Isengard
      <br />
      <small>
        Level: 
        75
        
        <br />
        Bosses: 
        Huva, Dargnákh
      </small>
    </div>
  </div>,
  <div
    className="card-content"
  >
    <article
      className="media"
    >
      <div
        className="media-left"
      >
        <figure
          className="image is-48x48"
        >
          <img
            src="https://via.placeholder.com/96x96"
          />
        </figure>
      </div>
      <div
        className="media-content"
      >
        <h1
          className="title is-4"
        >
          Fangorn's Edge
        </h1>
        <h2
          className="subtitle is-6"
        >
          FE
        </h2>
      </div>
    </article>
    <div
      className="content"
    >
      Rise of Isengard
      <br />
      <small>
        Level: 
        75
        
        <br />
        Bosses: 
        Undúrz, Gathaz, Kabor, Zagh
      </small>
    </div>
  </div>,
  <div
    className="card-content"
  >
    <article
      className="media"
    >
      <div
        className="media-left"
      >
        <figure
          className="image is-48x48"
        >
          <img
            src="https://via.placeholder.com/96x96"
          />
        </figure>
      </div>
      <div
        className="media-content"
      >
        <h1
          className="title is-4"
        >
          Pits of Isengard
        </h1>
        <h2
          className="subtitle is-6"
        >
          PoI, Pits
        </h2>
      </div>
    </article>
    <div
      className="content"
    >
      Rise of Isengard
      <br />
      <small>
        Level: 
        75
        
        <br />
        Bosses: 
        Zabúrz, Fúshbraf, Ironarm
      </small>
    </div>
  </div>,
  <div
    className="card-content"
  >
    <article
      className="media"
    >
      <div
        className="media-left"
      >
        <figure
          className="image is-48x48"
        >
          <img
            src="https://via.placeholder.com/96x96"
          />
        </figure>
      </div>
      <div
        className="media-content"
      >
        <h1
          className="title is-4"
        >
          The Foundry
        </h1>
        <h2
          className="subtitle is-6"
        >
          Foundry
        </h2>
      </div>
    </article>
    <div
      className="content"
    >
      Rise of Isengard
      <br />
      <small>
        Level: 
        75
        
        <br />
        Bosses: 
        Dhâr, Gurbák, Ghashanuz, Penrith, The Ring-Forge of Orthanc
      </small>
    </div>
  </div>,
  <div
    className="card-content"
  >
    <article
      className="media"
    >
      <div
        className="media-left"
      >
        <figure
          className="image is-48x48"
        >
          <img
            src="https://via.placeholder.com/96x96"
          />
        </figure>
      </div>
      <div
        className="media-content"
      >
        <h1
          className="title is-4"
        >
          Roots of Fangorn
        </h1>
        <h2
          className="subtitle is-6"
        >
          RoF
        </h2>
      </div>
    </article>
    <div
      className="content"
    >
      Rise of Isengard
      <br />
      <small>
        Level: 
        75
        
        <br />
        Bosses: 
        Frûshkul, Gurthúl
      </small>
    </div>
  </div>,
  <div
    className="card-content"
  >
    <article
      className="media"
    >
      <div
        className="media-left"
      >
        <figure
          className="image is-48x48"
        >
          <img
            src="https://via.placeholder.com/96x96"
          />
        </figure>
      </div>
      <div
        className="media-content"
      >
        <h1
          className="title is-4"
        >
          Seat of the Great Goblin
        </h1>
        <h2
          className="subtitle is-6"
        >
          SGG
        </h2>
      </div>
    </article>
    <div
      className="content"
    >
      The Road to Erebor
      <br />
      <small>
        Level: 
        20
         - 115
        <br />
        Bosses: 
        Uloga, Mârubhis, Brosh
      </small>
    </div>
  </div>,
  <div
    className="card-content"
  >
    <article
      className="media"
    >
      <div
        className="media-left"
      >
        <figure
          className="image is-48x48"
        >
          <img
            src="https://via.placeholder.com/96x96"
          />
        </figure>
      </div>
      <div
        className="media-content"
      >
        <h1
          className="title is-4"
        >
          Iorbar's Peak
        </h1>
        <h2
          className="subtitle is-6"
        >
          IP
        </h2>
      </div>
    </article>
    <div
      className="content"
    >
      The Road to Erebor
      <br />
      <small>
        Level: 
        20
         - 115
        <br />
        Bosses: 
        Guthfinn, Helf
      </small>
    </div>
  </div>,
  <div
    className="card-content"
  >
    <article
      className="media"
    >
      <div
        className="media-left"
      >
        <figure
          className="image is-48x48"
        >
          <img
            src="https://via.placeholder.com/96x96"
          />
        </figure>
      </div>
      <div
        className="media-content"
      >
        <h1
          className="title is-4"
        >
          Webs of the Scuttledells
        </h1>
        <h2
          className="subtitle is-6"
        >
          Webs
        </h2>
      </div>
    </article>
    <div
      className="content"
    >
      The Road to Erebor
      <br />
      <small>
        Level: 
        20
         - 115
        <br />
        Bosses: 
        Beremud, Dígelir
      </small>
    </div>
  </div>,
  <div
    className="card-content"
  >
    <article
      className="media"
    >
      <div
        className="media-left"
      >
        <figure
          className="image is-48x48"
        >
          <img
            src="https://via.placeholder.com/96x96"
          />
        </figure>
      </div>
      <div
        className="media-content"
      >
        <h1
          className="title is-4"
        >
          The Bells of Dale
        </h1>
        <h2
          className="subtitle is-6"
        >
          Bells
        </h2>
      </div>
    </article>
    <div
      className="content"
    >
      The Road to Erebor
      <br />
      <small>
        Level: 
        20
         - 115
        <br />
        Bosses: 
        Graz
      </small>
    </div>
  </div>,
  <div
    className="card-content"
  >
    <article
      className="media"
    >
      <div
        className="media-left"
      >
        <figure
          className="image is-48x48"
        >
          <img
            src="https://via.placeholder.com/96x96"
          />
        </figure>
      </div>
      <div
        className="media-content"
      >
        <h1
          className="title is-4"
        >
          Helm's Dike
        </h1>
        <h2
          className="subtitle is-6"
        >
          Dike
        </h2>
      </div>
    </article>
    <div
      className="content"
    >
      Helm's Deep
      <br />
      <small>
        Level: 
        10
         - 115
        <br />
        Bosses: 
        
      </small>
    </div>
  </div>,
  <div
    className="card-content"
  >
    <article
      className="media"
    >
      <div
        className="media-left"
      >
        <figure
          className="image is-48x48"
        >
          <img
            src="https://via.placeholder.com/96x96"
          />
        </figure>
      </div>
      <div
        className="media-content"
      >
        <h1
          className="title is-4"
        >
          The Deeping Wall
        </h1>
        <h2
          className="subtitle is-6"
        >
          Wall, DW
        </h2>
      </div>
    </article>
    <div
      className="content"
    >
      Helm's Deep
      <br />
      <small>
        Level: 
        10
         - 115
        <br />
        Bosses: 
        
      </small>
    </div>
  </div>,
  <div
    className="card-content"
  >
    <article
      className="media"
    >
      <div
        className="media-left"
      >
        <figure
          className="image is-48x48"
        >
          <img
            src="https://via.placeholder.com/96x96"
          />
        </figure>
      </div>
      <div
        className="media-content"
      >
        <h1
          className="title is-4"
        >
          The Deeping-coomb
        </h1>
        <h2
          className="subtitle is-6"
        >
          Coomb, DC
        </h2>
      </div>
    </article>
    <div
      className="content"
    >
      Helm's Deep
      <br />
      <small>
        Level: 
        10
         - 115
        <br />
        Bosses: 
        
      </small>
    </div>
  </div>,
  <div
    className="card-content"
  >
    <article
      className="media"
    >
      <div
        className="media-left"
      >
        <figure
          className="image is-48x48"
        >
          <img
            src="https://via.placeholder.com/96x96"
          />
        </figure>
      </div>
      <div
        className="media-content"
      >
        <h1
          className="title is-4"
        >
          The Glittering Caves
        </h1>
        <h2
          className="subtitle is-6"
        >
          GC
        </h2>
      </div>
    </article>
    <div
      className="content"
    >
      Helm's Deep
      <br />
      <small>
        Level: 
        10
         - 115
        <br />
        Bosses: 
        
      </small>
    </div>
  </div>,
  <div
    className="card-content"
  >
    <article
      className="media"
    >
      <div
        className="media-left"
      >
        <figure
          className="image is-48x48"
        >
          <img
            src="https://via.placeholder.com/96x96"
          />
        </figure>
      </div>
      <div
        className="media-content"
      >
        <h1
          className="title is-4"
        >
          The Hornburg
        </h1>
        <h2
          className="subtitle is-6"
        >
          Hornburg
        </h2>
      </div>
    </article>
    <div
      className="content"
    >
      Helm's Deep
      <br />
      <small>
        Level: 
        10
         - 115
        <br />
        Bosses: 
        
      </small>
    </div>
  </div>,
  <div
    className="card-content"
  >
    <article
      className="media"
    >
      <div
        className="media-left"
      >
        <figure
          className="image is-48x48"
        >
          <img
            src="https://via.placeholder.com/96x96"
          />
        </figure>
      </div>
      <div
        className="media-content"
      >
        <h1
          className="title is-4"
        >
          Retaking Pelargir
        </h1>
        <h2
          className="subtitle is-6"
        >
          Pela, Pel, Pelargir
        </h2>
      </div>
    </article>
    <div
      className="content"
    >
      War for Gondor
      <br />
      <small>
        Level: 
        10
         - 115
        <br />
        Bosses: 
        Kang-kethek, Ugturu, Kisung Teng, Thisarti, Okurayo, Zagarôth
      </small>
    </div>
  </div>,
  <div
    className="card-content"
  >
    <article
      className="media"
    >
      <div
        className="media-left"
      >
        <figure
          className="image is-48x48"
        >
          <img
            src="https://via.placeholder.com/96x96"
          />
        </figure>
      </div>
      <div
        className="media-content"
      >
        <h1
          className="title is-4"
        >
          Defence of Minas Tirith
        </h1>
        <h2
          className="subtitle is-6"
        >
          MT, Defence
        </h2>
      </div>
    </article>
    <div
      className="content"
    >
      War for Gondor
      <br />
      <small>
        Level: 
        10
         - 115
        <br />
        Bosses: 
        Ahârta, Raghathai
      </small>
    </div>
  </div>,
  <div
    className="card-content"
  >
    <article
      className="media"
    >
      <div
        className="media-left"
      >
        <figure
          className="image is-48x48"
        >
          <img
            src="https://via.placeholder.com/96x96"
          />
        </figure>
      </div>
      <div
        className="media-content"
      >
        <h1
          className="title is-4"
        >
          Hammer of the Underworld
        </h1>
        <h2
          className="subtitle is-6"
        >
          Hammer
        </h2>
      </div>
    </article>
    <div
      className="content"
    >
      War for Gondor
      <br />
      <small>
        Level: 
        10
         - 115
        <br />
        Bosses: 
        Mâsorgh, Ughâsh
      </small>
    </div>
  </div>,
  <div
    className="card-content"
  >
    <article
      className="media"
    >
      <div
        className="media-left"
      >
        <figure
          className="image is-48x48"
        >
          <img
            src="https://via.placeholder.com/96x96"
          />
        </figure>
      </div>
      <div
        className="media-content"
      >
        <h1
          className="title is-4"
        >
          Sunken Labyrinth
        </h1>
        <h2
          className="subtitle is-6"
        >
          SL
        </h2>
      </div>
    </article>
    <div
      className="content"
    >
      Osgiliath
      <br />
      <small>
        Level: 
        50
         - 115
        <br />
        Bosses: 
        Dagron, Muzgásh
      </small>
    </div>
  </div>,
  <div
    className="card-content"
  >
    <article
      className="media"
    >
      <div
        className="media-left"
      >
        <figure
          className="image is-48x48"
        >
          <img
            src="https://via.placeholder.com/96x96"
          />
        </figure>
      </div>
      <div
        className="media-content"
      >
        <h1
          className="title is-4"
        >
          The Ruined City
        </h1>
        <h2
          className="subtitle is-6"
        >
          RC
        </h2>
      </div>
    </article>
    <div
      className="content"
    >
      Osgiliath
      <br />
      <small>
        Level: 
        50
         - 115
        <br />
        Bosses: 
        Jukotor, Thrug, Lúmithil
      </small>
    </div>
  </div>,
  <div
    className="card-content"
  >
    <article
      className="media"
    >
      <div
        className="media-left"
      >
        <figure
          className="image is-48x48"
        >
          <img
            src="https://via.placeholder.com/96x96"
          />
        </figure>
      </div>
      <div
        className="media-content"
      >
        <h1
          className="title is-4"
        >
          The Dome of Stars
        </h1>
        <h2
          className="subtitle is-6"
        >
          DoS, Dome
        </h2>
      </div>
    </article>
    <div
      className="content"
    >
      Osgiliath
      <br />
      <small>
        Level: 
        50
         - 115
        <br />
        Bosses: 
        Upâl-keng, The Lord of Pinions, The Black Blade of Lebenni
      </small>
    </div>
  </div>,
  <div
    className="card-content"
  >
    <article
      className="media"
    >
      <div
        className="media-left"
      >
        <figure
          className="image is-48x48"
        >
          <img
            src="https://via.placeholder.com/96x96"
          />
        </figure>
      </div>
      <div
        className="media-content"
      >
        <h1
          className="title is-4"
        >
          Blood of the Black Serpent
        </h1>
        <h2
          className="subtitle is-6"
        >
          BBS
        </h2>
      </div>
    </article>
    <div
      className="content"
    >
      Battle of Pelennor
      <br />
      <small>
        Level: 
        75
         - 115
        <br />
        Bosses: 
        
      </small>
    </div>
  </div>,
  <div
    className="card-content"
  >
    <article
      className="media"
    >
      <div
        className="media-left"
      >
        <figure
          className="image is-48x48"
        >
          <img
            src="https://via.placeholder.com/96x96"
          />
        </figure>
      </div>
      <div
        className="media-content"
      >
        <h1
          className="title is-4"
        >
          The Quays of the Harlond
        </h1>
        <h2
          className="subtitle is-6"
        >
          Quays
        </h2>
      </div>
    </article>
    <div
      className="content"
    >
      Battle of Pelennor
      <br />
      <small>
        Level: 
        75
         - 115
        <br />
        Bosses: 
        Kálmok, Barash, Akhun, Khurat, Mumak, The Forsaken Reave
      </small>
    </div>
  </div>,
  <div
    className="card-content"
  >
    <article
      className="media"
    >
      <div
        className="media-left"
      >
        <figure
          className="image is-48x48"
        >
          <img
            src="https://via.placeholder.com/96x96"
          />
        </figure>
      </div>
      <div
        className="media-content"
      >
        <h1
          className="title is-4"
        >
          The Silent Street
        </h1>
        <h2
          className="subtitle is-6"
        >
          TSS
        </h2>
      </div>
    </article>
    <div
      className="content"
    >
      Battle of Pelennor
      <br />
      <small>
        Level: 
        75
         - 115
        <br />
        Bosses: 
        Lintanar, Boromir, Telemnar, Tarannon Falastur, Atanatar II, The Gloom of Nurn
      </small>
    </div>
  </div>,
]
`;
