// Jest Snapshot v1, https://goo.gl/fbAQLP

exports[`Header renders correctly 1`] = `
Array [
  <h1>
    LoTRO completionist
  </h1>,
  <ul>
    <li>
      <a
        href="/instances"
        onClick={[Function]}
      >
        Instances
      </a>
    </li>
    <li>
      <a
        href="/raids"
        onClick={[Function]}
      >
        Raids
      </a>
    </li>
  </ul>,
]
`;
