// Jest Snapshot v1, https://goo.gl/fbAQLP

exports[`<VirtueDeedsFilters> renders correctly 1`] = `
Array [
  <div
    className="dropdown"
  >
    <div
      className="dropdown-trigger"
      onClick={[Function]}
    >
      <button
        aria-controls="dropdown-menu"
        aria-haspopup="true"
        className="button is-outlined"
        type="button"
      >
        <span>
          Virtue
        </span>
        <span
          className="icon is-small"
        >
          <span
            aria-hidden="true"
            className="fa fa-angle-down"
          />
        </span>
      </button>
    </div>
    <div
      className="dropdown-menu"
    >
      <div
        className="dropdown-content"
      >
        <div
          className="dropdown-item"
        >
          <input
            onChange={[Function]}
            type="checkbox"
            value="Charity"
          />
          Charity
        </div>
        <div
          className="dropdown-item"
        >
          <input
            onChange={[Function]}
            type="checkbox"
            value="Compassion"
          />
          Compassion
        </div>
        <div
          className="dropdown-item"
        >
          <input
            onChange={[Function]}
            type="checkbox"
            value="Confidence"
          />
          Confidence
        </div>
        <div
          className="dropdown-item"
        >
          <input
            onChange={[Function]}
            type="checkbox"
            value="Determination"
          />
          Determination
        </div>
        <div
          className="dropdown-item"
        >
          <input
            onChange={[Function]}
            type="checkbox"
            value="Discipline"
          />
          Discipline
        </div>
        <div
          className="dropdown-item"
        >
          <input
            onChange={[Function]}
            type="checkbox"
            value="Empathy"
          />
          Empathy
        </div>
        <div
          className="dropdown-item"
        >
          <input
            onChange={[Function]}
            type="checkbox"
            value="Fidelity"
          />
          Fidelity
        </div>
        <div
          className="dropdown-item"
        >
          <input
            onChange={[Function]}
            type="checkbox"
            value="Fortitude"
          />
          Fortitude
        </div>
        <div
          className="dropdown-item"
        >
          <input
            onChange={[Function]}
            type="checkbox"
            value="Honesty"
          />
          Honesty
        </div>
        <div
          className="dropdown-item"
        >
          <input
            onChange={[Function]}
            type="checkbox"
            value="Honour"
          />
          Honour
        </div>
        <div
          className="dropdown-item"
        >
          <input
            onChange={[Function]}
            type="checkbox"
            value="Idealism"
          />
          Idealism
        </div>
        <div
          className="dropdown-item"
        >
          <input
            onChange={[Function]}
            type="checkbox"
            value="Innocence"
          />
          Innocence
        </div>
        <div
          className="dropdown-item"
        >
          <input
            onChange={[Function]}
            type="checkbox"
            value="Justice"
          />
          Justice
        </div>
        <div
          className="dropdown-item"
        >
          <input
            onChange={[Function]}
            type="checkbox"
            value="Loyalty"
          />
          Loyalty
        </div>
        <div
          className="dropdown-item"
        >
          <input
            onChange={[Function]}
            type="checkbox"
            value="Mercy"
          />
          Mercy
        </div>
        <div
          className="dropdown-item"
        >
          <input
            onChange={[Function]}
            type="checkbox"
            value="Patience"
          />
          Patience
        </div>
        <div
          className="dropdown-item"
        >
          <input
            onChange={[Function]}
            type="checkbox"
            value="Tolerance"
          />
          Tolerance
        </div>
        <div
          className="dropdown-item"
        >
          <input
            onChange={[Function]}
            type="checkbox"
            value="Valour"
          />
          Valour
        </div>
        <div
          className="dropdown-item"
        >
          <input
            onChange={[Function]}
            type="checkbox"
            value="Wisdom"
          />
          Wisdom
        </div>
        <div
          className="dropdown-item"
        >
          <input
            onChange={[Function]}
            type="checkbox"
            value="Zeal"
          />
          Zeal
        </div>
      </div>
    </div>
  </div>,
  <div
    className="dropdown"
  >
    <div
      className="dropdown-trigger"
      onClick={[Function]}
    >
      <button
        aria-controls="dropdown-menu"
        aria-haspopup="true"
        className="button is-outlined"
        type="button"
      >
        <span>
          Region
        </span>
        <span
          className="icon is-small"
        >
          <span
            aria-hidden="true"
            className="fa fa-angle-down"
          />
        </span>
      </button>
    </div>
    <div
      className="dropdown-menu"
    >
      <div
        className="dropdown-content"
      >
        <div
          className="dropdown-item"
        >
          <input
            onChange={[Function]}
            type="checkbox"
            value="Bree-land"
          />
          Bree-land
        </div>
        <div
          className="dropdown-item"
        >
          <input
            onChange={[Function]}
            type="checkbox"
            value="Ered Luin"
          />
          Ered Luin
        </div>
        <div
          className="dropdown-item"
        >
          <input
            onChange={[Function]}
            type="checkbox"
            value="The North Downs"
          />
          The North Downs
        </div>
        <div
          className="dropdown-item"
        >
          <input
            onChange={[Function]}
            type="checkbox"
            value="The Lone-lands"
          />
          The Lone-lands
        </div>
        <div
          className="dropdown-item"
        >
          <input
            onChange={[Function]}
            type="checkbox"
            value="Angmar"
          />
          Angmar
        </div>
        <div
          className="dropdown-item"
        >
          <input
            onChange={[Function]}
            type="checkbox"
            value="Forochel"
          />
          Forochel
        </div>
        <div
          className="dropdown-item"
        >
          <input
            onChange={[Function]}
            type="checkbox"
            value="Eregion"
          />
          Eregion
        </div>
        <div
          className="dropdown-item"
        >
          <input
            onChange={[Function]}
            type="checkbox"
            value="Moria"
          />
          Moria
        </div>
        <div
          className="dropdown-item"
        >
          <input
            onChange={[Function]}
            type="checkbox"
            value="Enedwaith"
          />
          Enedwaith
        </div>
        <div
          className="dropdown-item"
        >
          <input
            onChange={[Function]}
            type="checkbox"
            value="Dunland"
          />
          Dunland
        </div>
        <div
          className="dropdown-item"
        >
          <input
            onChange={[Function]}
            type="checkbox"
            value="East Rohan"
          />
          East Rohan
        </div>
        <div
          className="dropdown-item"
        >
          <input
            onChange={[Function]}
            type="checkbox"
            value="Wildermore"
          />
          Wildermore
        </div>
        <div
          className="dropdown-item"
        >
          <input
            onChange={[Function]}
            type="checkbox"
            value="West Rohan"
          />
          West Rohan
        </div>
        <div
          className="dropdown-item"
        >
          <input
            onChange={[Function]}
            type="checkbox"
            value="Central Gondor"
          />
          Central Gondor
        </div>
        <div
          className="dropdown-item"
        >
          <input
            onChange={[Function]}
            type="checkbox"
            value="Eastern Gondor"
          />
          Eastern Gondor
        </div>
        <div
          className="dropdown-item"
        >
          <input
            onChange={[Function]}
            type="checkbox"
            value="Old Anórien"
          />
          Old Anórien
        </div>
        <div
          className="dropdown-item"
        >
          <input
            onChange={[Function]}
            type="checkbox"
            value="March of the King"
          />
          March of the King
        </div>
        <div
          className="dropdown-item"
        >
          <input
            onChange={[Function]}
            type="checkbox"
            value="The Shire"
          />
          The Shire
        </div>
        <div
          className="dropdown-item"
        >
          <input
            onChange={[Function]}
            type="checkbox"
            value="The Misty Mountains"
          />
          The Misty Mountains
        </div>
        <div
          className="dropdown-item"
        >
          <input
            onChange={[Function]}
            type="checkbox"
            value="Evendim"
          />
          Evendim
        </div>
        <div
          className="dropdown-item"
        >
          <input
            onChange={[Function]}
            type="checkbox"
            value="Mirkwood"
          />
          Mirkwood
        </div>
        <div
          className="dropdown-item"
        >
          <input
            onChange={[Function]}
            type="checkbox"
            value="The Great River"
          />
          The Great River
        </div>
        <div
          className="dropdown-item"
        >
          <input
            onChange={[Function]}
            type="checkbox"
            value="Western Gondor"
          />
          Western Gondor
        </div>
        <div
          className="dropdown-item"
        >
          <input
            onChange={[Function]}
            type="checkbox"
            value="The Trollshaws"
          />
          The Trollshaws
        </div>
        <div
          className="dropdown-item"
        >
          <input
            onChange={[Function]}
            type="checkbox"
            value=" The Shire"
          />
           The Shire
        </div>
        <div
          className="dropdown-item"
        >
          <input
            onChange={[Function]}
            type="checkbox"
            value=" The North Downs"
          />
           The North Downs
        </div>
        <div
          className="dropdown-item"
        >
          <input
            onChange={[Function]}
            type="checkbox"
            value=" The Misty Mountains"
          />
           The Misty Mountains
        </div>
        <div
          className="dropdown-item"
        >
          <input
            onChange={[Function]}
            type="checkbox"
            value=" Angmar"
          />
           Angmar
        </div>
        <div
          className="dropdown-item"
        >
          <input
            onChange={[Function]}
            type="checkbox"
            value="Lothlórien"
          />
          Lothlórien
        </div>
      </div>
    </div>
  </div>,
]
`;
