// Jest Snapshot v1, https://goo.gl/fbAQLP

exports[`<Header> renders correctly 1`] = `
<nav
  className="navbar Header is-link"
>
  <div
    className="navbar-brand"
  >
    <div
      className="navbar-item"
    >
      <img
        className="icon"
        src="icon.png"
      />
       LoTRO completionist
    </div>
    <div
      className="navbar-burger"
      onClick={[Function]}
    >
      <span />
      <span />
      <span />
    </div>
  </div>
  <div
    className="navbar-menu"
    onClick={[Function]}
  >
    <div
      className="navbar-start"
    >
      <a
        aria-current={false}
        className="navbar-item"
        href="/instances"
        onClick={[Function]}
        style={undefined}
      >
        Instances
      </a>
      <a
        aria-current={false}
        className="navbar-item"
        href="/raids"
        onClick={[Function]}
        style={undefined}
      >
        Raids
      </a>
      <a
        aria-current={false}
        className="navbar-item"
        href="/skirmishes"
        onClick={[Function]}
        style={undefined}
      >
        Skirmishes
      </a>
    </div>
  </div>
</nav>
`;
