// Jest Snapshot v1, https://goo.gl/fbAQLP

exports[`<DropdownFilter> renders correctly 1`] = `
<div
  className="dropdown"
>
  <div
    className="dropdown-trigger"
    onClick={[Function]}
  >
    <button
      aria-controls="dropdown-menu"
      aria-haspopup="true"
      className="button is-outlined"
      type="button"
    >
      <span>
        Regions
      </span>
      <span
        className="icon is-small"
      >
        <span
          aria-hidden="true"
          className="fa fa-angle-down"
        />
      </span>
    </button>
  </div>
  <div
    className="dropdown-menu"
  >
    <div
      className="dropdown-content"
    >
      <div />
      <div />
      <div />
    </div>
  </div>
</div>
`;
