// Jest Snapshot v1, https://goo.gl/fbAQLP

exports[`Main renders correctly 1`] = `
<nav
  className="navbar is-link"
>
  <div
    className="navbar-brand"
  >
    <a
      className="navbar-item"
      href="/"
    >
      <img
        src="icon.png"
        style={
          Object {
            "marginRight": 5,
          }
        }
      />
       LoTRO completionist
    </a>
    <div
      className="navbar-burger"
      onClick={[Function]}
    >
      <span />
      <span />
      <span />
    </div>
  </div>
  <div
    className="navbar-menu"
    onClick={[Function]}
  >
    <div
      className="navbar-start"
    >
      <a
        className="navbar-item"
        href="/instances"
      >
        Instances
      </a>
      <a
        className="navbar-item"
        href="/raids"
      >
        Raids
      </a>
    </div>
  </div>
</nav>
`;
