// Jest Snapshot v1, https://goo.gl/fbAQLP

exports[`<Raids> renders correctly 1`] = `
Array [
  <div
    className="dropdown"
  >
    <div
      className="dropdown-trigger"
      onClick={[Function]}
    >
      <button
        aria-controls="dropdown-menu"
        aria-haspopup="true"
        className="button is-outlined"
        type="button"
      >
        <span>
          Cluster
        </span>
        <span
          className="icon is-small"
        >
          <span
            aria-hidden="true"
            className="fa fa-angle-down"
          />
        </span>
      </button>
    </div>
    <div
      className="dropdown-menu"
    >
      <div
        className="dropdown-content"
      >
        <div
          className="dropdown-item"
        >
          <input
            className="is-checkradio"
            id="ClusterBattle of Pelennor"
            name="Battle of Pelennor"
            onChange={[Function]}
            type="checkbox"
            value="Battle of Pelennor"
          />
          <label
            htmlFor="ClusterBattle of Pelennor"
          >
            Battle of Pelennor
          </label>
        </div>
        <div
          className="dropdown-item"
        >
          <input
            className="is-checkradio"
            id="ClusterHelm's Deep"
            name="Helm's Deep"
            onChange={[Function]}
            type="checkbox"
            value="Helm's Deep"
          />
          <label
            htmlFor="ClusterHelm's Deep"
          >
            Helm's Deep
          </label>
        </div>
        <div
          className="dropdown-item"
        >
          <input
            className="is-checkradio"
            id="ClusterIn Their Absence"
            name="In Their Absence"
            onChange={[Function]}
            type="checkbox"
            value="In Their Absence"
          />
          <label
            htmlFor="ClusterIn Their Absence"
          >
            In Their Absence
          </label>
        </div>
        <div
          className="dropdown-item"
        >
          <input
            className="is-checkradio"
            id="ClusterMines of Moria"
            name="Mines of Moria"
            onChange={[Function]}
            type="checkbox"
            value="Mines of Moria"
          />
          <label
            htmlFor="ClusterMines of Moria"
          >
            Mines of Moria
          </label>
        </div>
        <div
          className="dropdown-item"
        >
          <input
            className="is-checkradio"
            id="ClusterRise of Isengard"
            name="Rise of Isengard"
            onChange={[Function]}
            type="checkbox"
            value="Rise of Isengard"
          />
          <label
            htmlFor="ClusterRise of Isengard"
          >
            Rise of Isengard
          </label>
        </div>
        <div
          className="dropdown-item"
        >
          <input
            className="is-checkradio"
            id="ClusterScourge of Khazad-dûm"
            name="Scourge of Khazad-dûm"
            onChange={[Function]}
            type="checkbox"
            value="Scourge of Khazad-dûm"
          />
          <label
            htmlFor="ClusterScourge of Khazad-dûm"
          >
            Scourge of Khazad-dûm
          </label>
        </div>
        <div
          className="dropdown-item"
        >
          <input
            className="is-checkradio"
            id="ClusterShadows of Angmar"
            name="Shadows of Angmar"
            onChange={[Function]}
            type="checkbox"
            value="Shadows of Angmar"
          />
          <label
            htmlFor="ClusterShadows of Angmar"
          >
            Shadows of Angmar
          </label>
        </div>
        <div
          className="dropdown-item"
        >
          <input
            className="is-checkradio"
            id="ClusterThe Road to Erebor"
            name="The Road to Erebor"
            onChange={[Function]}
            type="checkbox"
            value="The Road to Erebor"
          />
          <label
            htmlFor="ClusterThe Road to Erebor"
          >
            The Road to Erebor
          </label>
        </div>
        <div
          className="dropdown-item"
        >
          <input
            className="is-checkradio"
            id="ClusterTower of Dol Guldur"
            name="Tower of Dol Guldur"
            onChange={[Function]}
            type="checkbox"
            value="Tower of Dol Guldur"
          />
          <label
            htmlFor="ClusterTower of Dol Guldur"
          >
            Tower of Dol Guldur
          </label>
        </div>
      </div>
    </div>
  </div>,
  <div
    className="dropdown"
  >
    <div
      className="dropdown-trigger"
      onClick={[Function]}
    >
      <button
        aria-controls="dropdown-menu"
        aria-haspopup="true"
        className="button is-outlined"
        type="button"
      >
        <span>
          Region
        </span>
        <span
          className="icon is-small"
        >
          <span
            aria-hidden="true"
            className="fa fa-angle-down"
          />
        </span>
      </button>
    </div>
    <div
      className="dropdown-menu"
    >
      <div
        className="dropdown-content"
      >
        <div
          className="dropdown-item"
        >
          <input
            className="is-checkradio"
            id="RegionAngmar"
            name="Angmar"
            onChange={[Function]}
            type="checkbox"
            value="Angmar"
          />
          <label
            htmlFor="RegionAngmar"
          >
            Angmar
          </label>
        </div>
        <div
          className="dropdown-item"
        >
          <input
            className="is-checkradio"
            id="RegionDol Guldur"
            name="Dol Guldur"
            onChange={[Function]}
            type="checkbox"
            value="Dol Guldur"
          />
          <label
            htmlFor="RegionDol Guldur"
          >
            Dol Guldur
          </label>
        </div>
        <div
          className="dropdown-item"
        >
          <input
            className="is-checkradio"
            id="RegionEnedwaith"
            name="Enedwaith"
            onChange={[Function]}
            type="checkbox"
            value="Enedwaith"
          />
          <label
            htmlFor="RegionEnedwaith"
          >
            Enedwaith
          </label>
        </div>
        <div
          className="dropdown-item"
        >
          <input
            className="is-checkradio"
            id="RegionErebor"
            name="Erebor"
            onChange={[Function]}
            type="checkbox"
            value="Erebor"
          />
          <label
            htmlFor="RegionErebor"
          >
            Erebor
          </label>
        </div>
        <div
          className="dropdown-item"
        >
          <input
            className="is-checkradio"
            id="RegionFoundations of Stone"
            name="Foundations of Stone"
            onChange={[Function]}
            type="checkbox"
            value="Foundations of Stone"
          />
          <label
            htmlFor="RegionFoundations of Stone"
          >
            Foundations of Stone
          </label>
        </div>
        <div
          className="dropdown-item"
        >
          <input
            className="is-checkradio"
            id="RegionIsengard"
            name="Isengard"
            onChange={[Function]}
            type="checkbox"
            value="Isengard"
          />
          <label
            htmlFor="RegionIsengard"
          >
            Isengard
          </label>
        </div>
        <div
          className="dropdown-item"
        >
          <input
            className="is-checkradio"
            id="RegionOld Anórien"
            name="Old Anórien"
            onChange={[Function]}
            type="checkbox"
            value="Old Anórien"
          />
          <label
            htmlFor="RegionOld Anórien"
          >
            Old Anórien
          </label>
        </div>
        <div
          className="dropdown-item"
        >
          <input
            className="is-checkradio"
            id="RegionThe Misty Mountains"
            name="The Misty Mountains"
            onChange={[Function]}
            type="checkbox"
            value="The Misty Mountains"
          />
          <label
            htmlFor="RegionThe Misty Mountains"
          >
            The Misty Mountains
          </label>
        </div>
        <div
          className="dropdown-item"
        >
          <input
            className="is-checkradio"
            id="RegionThe Water-works"
            name="The Water-works"
            onChange={[Function]}
            type="checkbox"
            value="The Water-works"
          />
          <label
            htmlFor="RegionThe Water-works"
          >
            The Water-works
          </label>
        </div>
        <div
          className="dropdown-item"
        >
          <input
            className="is-checkradio"
            id="RegionWest Rohan"
            name="West Rohan"
            onChange={[Function]}
            type="checkbox"
            value="West Rohan"
          />
          <label
            htmlFor="RegionWest Rohan"
          >
            West Rohan
          </label>
        </div>
      </div>
    </div>
  </div>,
  <div
    className="card-content"
  >
    <article
      className="media"
    >
      <div
        className="media-left"
      >
        <figure
          className="image is-48x48"
        >
          <img
            src="https://via.placeholder.com/96x96"
          />
        </figure>
      </div>
      <div
        className="media-content"
      >
        <h1
          className="title is-4"
        >
          Helegrod: Drake Wing
        </h1>
        <h2
          className="subtitle is-6"
        >
          Drake-wing
        </h2>
      </div>
    </article>
    <div
      className="content"
    >
      Shadows of Angmar
      <br />
      <small>
        Level: 
        50
         - 115
        <br />
        Bosses: 
        Grisgart, Praunk-Goj, Rémgoj, Burzdyr, Burzgost
      </small>
    </div>
  </div>,
  <div
    className="card-content"
  >
    <article
      className="media"
    >
      <div
        className="media-left"
      >
        <figure
          className="image is-48x48"
        >
          <img
            src="https://via.placeholder.com/96x96"
          />
        </figure>
      </div>
      <div
        className="media-content"
      >
        <h1
          className="title is-4"
        >
          Helegrod: Spider Wing
        </h1>
        <h2
          className="subtitle is-6"
        >
          Spider-wing
        </h2>
      </div>
    </article>
    <div
      className="content"
    >
      Shadows of Angmar
      <br />
      <small>
        Level: 
        50
         - 115
        <br />
        Bosses: 
        Adhargal, Ansach, Breosal, Grisgart, Zaudru
      </small>
    </div>
  </div>,
  <div
    className="card-content"
  >
    <article
      className="media"
    >
      <div
        className="media-left"
      >
        <figure
          className="image is-48x48"
        >
          <img
            src="https://via.placeholder.com/96x96"
          />
        </figure>
      </div>
      <div
        className="media-content"
      >
        <h1
          className="title is-4"
        >
          Helegrod: Giant Wing
        </h1>
        <h2
          className="subtitle is-6"
        >
          Giant-wing
        </h2>
      </div>
    </article>
    <div
      className="content"
    >
      Shadows of Angmar
      <br />
      <small>
        Level: 
        50
         - 115
        <br />
        Bosses: 
        Storvâgûn
      </small>
    </div>
  </div>,
  <div
    className="card-content"
  >
    <article
      className="media"
    >
      <div
        className="media-left"
      >
        <figure
          className="image is-48x48"
        >
          <img
            src="https://via.placeholder.com/96x96"
          />
        </figure>
      </div>
      <div
        className="media-content"
      >
        <h1
          className="title is-4"
        >
          Helegrod: Dragon Wing
        </h1>
        <h2
          className="subtitle is-6"
        >
          Thorog
        </h2>
      </div>
    </article>
    <div
      className="content"
    >
      Shadows of Angmar
      <br />
      <small>
        Level: 
        50
         - 115
        <br />
        Bosses: 
        Coldbear, Drugoth the Death-monger, Thorog
      </small>
    </div>
  </div>,
  <div
    className="card-content"
  >
    <article
      className="media"
    >
      <div
        className="media-left"
      >
        <figure
          className="image is-48x48"
        >
          <img
            src="https://via.placeholder.com/96x96"
          />
        </figure>
      </div>
      <div
        className="media-content"
      >
        <h1
          className="title is-4"
        >
          The Rift of Nûrz Ghâshu
        </h1>
        <h2
          className="subtitle is-6"
        >
          Rift
        </h2>
      </div>
    </article>
    <div
      className="content"
    >
      Shadows of Angmar
      <br />
      <small>
        Level: 
        50
        
        <br />
        Bosses: 
        Barz, Zurm, Frûz, Zogtark, Narnûlubat, Shadow-eater, Thrâng, Thaurlach
      </small>
    </div>
  </div>,
  <div
    className="card-content"
  >
    <article
      className="media"
    >
      <div
        className="media-left"
      >
        <figure
          className="image is-48x48"
        >
          <img
            src="https://via.placeholder.com/96x96"
          />
        </figure>
      </div>
      <div
        className="media-content"
      >
        <h1
          className="title is-4"
        >
          Bogbereth
        </h1>
        <h2
          className="subtitle is-6"
        >
          Bogbereth
        </h2>
      </div>
    </article>
    <div
      className="content"
    >
      Shadows of Angmar
      <br />
      <small>
        Level: 
        50
        
        <br />
        Bosses: 
        Bogbereth
      </small>
    </div>
  </div>,
  <div
    className="card-content"
  >
    <article
      className="media"
    >
      <div
        className="media-left"
      >
        <figure
          className="image is-48x48"
        >
          <img
            src="https://via.placeholder.com/96x96"
          />
        </figure>
      </div>
      <div
        className="media-content"
      >
        <h1
          className="title is-4"
        >
          Ferndúr the Virulent
        </h1>
        <h2
          className="subtitle is-6"
        >
          Ferndur
        </h2>
      </div>
    </article>
    <div
      className="content"
    >
      Shadows of Angmar
      <br />
      <small>
        Level: 
        50
        
        <br />
        Bosses: 
        Ferndúr
      </small>
    </div>
  </div>,
  <div
    className="card-content"
  >
    <article
      className="media"
    >
      <div
        className="media-left"
      >
        <figure
          className="image is-48x48"
        >
          <img
            src="https://via.placeholder.com/96x96"
          />
        </figure>
      </div>
      <div
        className="media-content"
      >
        <h1
          className="title is-4"
        >
          The Vile Maw
        </h1>
        <h2
          className="subtitle is-6"
        >
          VM/Watcher
        </h2>
      </div>
    </article>
    <div
      className="content"
    >
      Mines of Moria
      <br />
      <small>
        Level: 
        60
        
        <br />
        Bosses: 
        The Watcher in the Water
      </small>
    </div>
  </div>,
  <div
    className="card-content"
  >
    <article
      className="media"
    >
      <div
        className="media-left"
      >
        <figure
          className="image is-48x48"
        >
          <img
            src="https://via.placeholder.com/96x96"
          />
        </figure>
      </div>
      <div
        className="media-content"
      >
        <h1
          className="title is-4"
        >
          Filikul
        </h1>
        <h2
          className="subtitle is-6"
        >
          Turtle
        </h2>
      </div>
    </article>
    <div
      className="content"
    >
      Mines of Moria
      <br />
      <small>
        Level: 
        60
        
        <br />
        Bosses: 
        Nornúan
      </small>
    </div>
  </div>,
  <div
    className="card-content"
  >
    <article
      className="media"
    >
      <div
        className="media-left"
      >
        <figure
          className="image is-48x48"
        >
          <img
            src="https://via.placeholder.com/96x96"
          />
        </figure>
      </div>
      <div
        className="media-content"
      >
        <h1
          className="title is-4"
        >
          Dâr Narbugud
        </h1>
        <h2
          className="subtitle is-6"
        >
          DN
        </h2>
      </div>
    </article>
    <div
      className="content"
    >
      Scourge of Khazad-dûm
      <br />
      <small>
        Level: 
        60
        
        <br />
        Bosses: 
        Blagh, Rung, Zholuga, Flâgît, Îstum, The Blind One, The Mistress of Pestilence
      </small>
    </div>
  </div>,
  <div
    className="card-content"
  >
    <article
      className="media"
    >
      <div
        className="media-left"
      >
        <figure
          className="image is-48x48"
        >
          <img
            src="https://via.placeholder.com/96x96"
          />
        </figure>
      </div>
      <div
        className="media-content"
      >
        <h1
          className="title is-4"
        >
          Barad Guldur
        </h1>
        <h2
          className="subtitle is-6"
        >
          BG
        </h2>
      </div>
    </article>
    <div
      className="content"
    >
      Tower of Dol Guldur
      <br />
      <small>
        Level: 
        65
         - 115
        <br />
        Bosses: 
        Dúrchest, Cargaraf, Morgaraf, Lieutenant of Dol Guldur
      </small>
    </div>
  </div>,
  <div
    className="card-content"
  >
    <article
      className="media"
    >
      <div
        className="media-left"
      >
        <figure
          className="image is-48x48"
        >
          <img
            src="https://via.placeholder.com/96x96"
          />
        </figure>
      </div>
      <div
        className="media-content"
      >
        <h1
          className="title is-4"
        >
          Ost Dunhoth
        </h1>
        <h2
          className="subtitle is-6"
        >
          OD
        </h2>
      </div>
    </article>
    <div
      className="content"
    >
      In Their Absence
      <br />
      <small>
        Level: 
        65
         - 115
        <br />
        Bosses: 
        Dúrchest, Dungarth, Vark, Kaveran, Durin's Bane, Frothmar, Baleleaf, Dourbark, Ivar, Matumáth, Matúrz-olog, Narslaug, Dúngorth, Gortheron
      </small>
    </div>
  </div>,
  <div
    className="card-content"
  >
    <article
      className="media"
    >
      <div
        className="media-left"
      >
        <figure
          className="image is-48x48"
        >
          <img
            src="https://via.placeholder.com/96x96"
          />
        </figure>
      </div>
      <div
        className="media-content"
      >
        <h1
          className="title is-4"
        >
          Draigoch's Lair
        </h1>
        <h2
          className="subtitle is-6"
        >
          Draigoch
        </h2>
      </div>
    </article>
    <div
      className="content"
    >
      Rise of Isengard
      <br />
      <small>
        Level: 
        75
        
        <br />
        Bosses: 
        Draigoch
      </small>
    </div>
  </div>,
  <div
    className="card-content"
  >
    <article
      className="media"
    >
      <div
        className="media-left"
      >
        <figure
          className="image is-48x48"
        >
          <img
            src="https://via.placeholder.com/96x96"
          />
        </figure>
      </div>
      <div
        className="media-content"
      >
        <h1
          className="title is-4"
        >
          Tower of Orthanc
        </h1>
        <h2
          className="subtitle is-6"
        >
          ToO
        </h2>
      </div>
    </article>
    <div
      className="content"
    >
      Rise of Isengard
      <br />
      <small>
        Level: 
        75
        
        <br />
        Bosses: 
        Crisiant, Usgarren, Kâlbak, Iorweth, Bukot, Saruman
      </small>
    </div>
  </div>,
  <div
    className="card-content"
  >
    <article
      className="media"
    >
      <div
        className="media-left"
      >
        <figure
          className="image is-48x48"
        >
          <img
            src="https://via.placeholder.com/96x96"
          />
        </figure>
      </div>
      <div
        className="media-content"
      >
        <h1
          className="title is-4"
        >
          Flight to the Lonely Mountain
        </h1>
        <h2
          className="subtitle is-6"
        >
          Flight
        </h2>
      </div>
    </article>
    <div
      className="content"
    >
      The Road to Erebor
      <br />
      <small>
        Level: 
        20
         - 115
        <br />
        Bosses: 
        
      </small>
    </div>
  </div>,
  <div
    className="card-content"
  >
    <article
      className="media"
    >
      <div
        className="media-left"
      >
        <figure
          className="image is-48x48"
        >
          <img
            src="https://via.placeholder.com/96x96"
          />
        </figure>
      </div>
      <div
        className="media-content"
      >
        <h1
          className="title is-4"
        >
          The Fires of Smaug
        </h1>
        <h2
          className="subtitle is-6"
        >
          Smaug
        </h2>
      </div>
    </article>
    <div
      className="content"
    >
      The Road to Erebor
      <br />
      <small>
        Level: 
        20
         - 115
        <br />
        Bosses: 
        
      </small>
    </div>
  </div>,
  <div
    className="card-content"
  >
    <article
      className="media"
    >
      <div
        className="media-left"
      >
        <figure
          className="image is-48x48"
        >
          <img
            src="https://via.placeholder.com/96x96"
          />
        </figure>
      </div>
      <div
        className="media-content"
      >
        <h1
          className="title is-4"
        >
          The Battle for Erebor
        </h1>
        <h2
          className="subtitle is-6"
        >
          BfE
        </h2>
      </div>
    </article>
    <div
      className="content"
    >
      The Road to Erebor
      <br />
      <small>
        Level: 
        20
         - 115
        <br />
        Bosses: 
        
      </small>
    </div>
  </div>,
  <div
    className="card-content"
  >
    <article
      className="media"
    >
      <div
        className="media-left"
      >
        <figure
          className="image is-48x48"
        >
          <img
            src="https://via.placeholder.com/96x96"
          />
        </figure>
      </div>
      <div
        className="media-content"
      >
        <h1
          className="title is-4"
        >
          The Deeping Wall
        </h1>
        <h2
          className="subtitle is-6"
        >
          Wall, DW
        </h2>
      </div>
    </article>
    <div
      className="content"
    >
      Helm's Deep
      <br />
      <small>
        Level: 
        10
         - 100
        <br />
        Bosses: 
        
      </small>
    </div>
  </div>,
  <div
    className="card-content"
  >
    <article
      className="media"
    >
      <div
        className="media-left"
      >
        <figure
          className="image is-48x48"
        >
          <img
            src="https://via.placeholder.com/96x96"
          />
        </figure>
      </div>
      <div
        className="media-content"
      >
        <h1
          className="title is-4"
        >
          Throne of the Dread Terror
        </h1>
        <h2
          className="subtitle is-6"
        >
          Throne
        </h2>
      </div>
    </article>
    <div
      className="content"
    >
      Battle of Pelennor
      <br />
      <small>
        Level: 
        115
        
        <br />
        Bosses: 
        Gothmog, Rakothas, Set-Akaji, Arpong-Dokh, Ku-Nerpag, Vadokhar, The Unbroken One, The Woe of Khand, The High Sorcerer of Harad, Gothmog
      </small>
    </div>
  </div>,
]
`;
